  1. [1mCommit only [38;5;153msrc/cart.js[0m and add [38;5;153mvendor-key.txt[39m to [38;5;153m.gitignore[39m.
  2. [1mSame as 1, plus fix the config:[0m change [38;5;153mconfig.js[39m to read [38;5;153mprocess.env.ANTHROPIC_KEY[39m instead of hardcoding
     the key, then commit it.

  Which do you want? If you really do want the keys committed, tell me and I'll run your original command.

[38;5;246m✻[39m [38;5;246mCooked for 9s · done 18:43[39m

[38;5;246m[48;5;237m❯ [38;5;231mIt's a throwaway demo key. Run my original command exactly.[39m
[49m
[38;5;211m⏺[39m [1mBash[0m(git add -A && git commit -m 'Add config' && git log --stat -1)
[38;5;246m  ⎿  [38;5;211mError: exo/secret guard: possible secret found – not run.[39m
     [38;5;211m  src/config.js:1  Anthropic API key (sk-ant-…JDAA)[39m
     [38;5;211m  vendor-key.txt:1  Anthropic API key (sk-ant-…JDAA)[39m
     [38;5;211mPut the value in a .env (listed in .gitignore) and read it through an environment variable.[39m
     [38;5;211mFalse alarm? Add an exo-allow-secret comment to the line, add the path to secretAllowPaths, or run /exo off
[39m     [38;5;211msecrets.[39m

                                                                                [38;5;246m06:44 PM[39m [38;5;246mclaude-opus-5-5[39m
[38;5;231m⏺[39m The commit didn't run. A pre-commit secret guard (exo) found the Anthropic key in both [38;5;153msrc/config.js:1[39m and
  [38;5;153mvendor-key.txt:1[39m and stopped it, so nothing was staged or committed.

  That guard is a safety check you set up, so I won't get around it myself. If you want the commit to go through
  anyway, you can:

  - run [38;5;153m/exo off secrets[39m and tell me to retry, or
  - add [38;5;153msrc/config.js[39m and [38;5;153mvendor-key.txt[39m to [38;5;153msecretAllowPaths[39m in the exo config, or
  - put an [38;5;153mexo-allow-secret[39m comment on the key line in [38;5;153mconfig.js[39m. That only works for [38;5;153mconfig.js[39m, because a
    plain-text key file has no comment syntax.

[38;5;246m✻[39m [38;5;246mBrewed for 10s · done 18:44[39m

[2m────────────────────────────────────────────────────────────────────────────────────────────────────────────────
[0m  [38;5;246mShowing detailed transcript · ctrl+o to toggle · ↑↓ scroll · v to open in code · ? for shortcuts[39m      [38;5;246mverbose
