
[38;5;174m ▐[48;5;16m▛███▛█[39m[49m   [1mClaude Code[0m [38;5;246mv2.1.289[39m
[38;5;174m▝▜[48;5;16m█████[49m█▀[39m  [38;5;246mOpus 5.5 with medium effort · Claude Max[39m
[38;5;174m ▝▝   ▝▝ [39m  [38;5;246m/private/tmp/shop-api · [38;5;114m]8;id=ql5zjy;https://claude.ai/code/session_015m6Yx6ux8qqa493GhfPbrL?from=cli\/rc[39m]8;;\


[38;5;246m[48;5;237m❯ [38;5;231mIn src/cart.js make discount clamp percent to the range 0..100, and add one test for that in test/cart.test.js.[39m

[38;5;246m[49m⏺[39m Showing cart source, tests, diff, package.json[38;5;246m · 1m 32s[39m
[38;5;246m  ⎿  $ cat > /dev/null && python3 - <<'EOF'[39m
     [38;5;246mp='src/cart.js'; s=open(p).read()[39m
     [38;5;246ms=s.replace(" return Math.round(sum * (100 - percent)) / 100"," const p = Math.min(100, Math.max(0, percent))\n return [39m
     [38;5;246mMath.round(sum * (100 - p)) / 100")[39m
     [38;5;246mopen(p,'w').write(s)[39m
     [38;5;246mEOF[39m
     [38;5;246mecho "test('discount clamps percent to 0..100'… (1m 31s)[39m
     [38;5;246m(ctrl+b ctrl+b (twice) to run in background)[39m











[38;5;174m✽[39m [38;5;180m🧪 ●○○ tests: cat · python3 · echo · npm test · tail · 91s[38;5;174m [38;5;246m(1m 40s · ↓[39m [38;5;246m536 tokens)[39m

[38;5;244m──────────────────────────────────────────────────────────────────────────────────────────────────────────────────────────────────
[38;5;246m❯ [39m
[38;5;244m──────────────────────────────────────────────────────────────────────────────────────────────────────────────────────────────────
[39m  [38;5;220m⏵⏵ auto mode on[38;5;246m (shift+tab to cycle) · esc to interrupt · ← for agents[39m
  [38;5;246m5h [39m🍺[38;5;246m▕[38;5;178m█[38;5;231m[48;5;178m│[38;5;178m[49m████████████[38;5;230m▓[38;5;246m░░░░░░░░░▏[39m [38;5;78m 37%[39m 😎[38;5;246m ↻ 15m41s[39m   [38;5;246m7d [39m🍺[38;5;246m▕[38;5;178m███████[38;5;230m▓[38;5;246m░░░░░░░░░[38;5;145m│[38;5;246m░░░░░░▏[39m [38;5;179m 66%[39m 😬[38;5;246m ↻ 5d 5h[1m[38;5;209m ⚠ empty ~Wed 07:20[0m
  [38;5;246m⛨ exo[39m
